// Jest Snapshot v1, https://goo.gl/fbAQLP

exports[`Movie component renders correctly 1`] = `ShallowWrapper {}`;
